// Jest Snapshot v1, https://goo.gl/fbAQLP

exports[`Controls displays controls that include radio buttons for each route, submit button and text box 1`] = `
<form
  class="Controls"
  data-testid="controls-form"
>
  <input
    aria-label="url"
    class="url"
    id="url"
    name="url"
    placeholder="https://"
    type="url"
    value=""
  />
  <section>
    <label
      for="GET"
    >
      GET
    </label>
    <input
      aria-label="GET"
      class="routesa"
      id="get"
      name="route"
      type="radio"
      value="GET"
    />
    <label
      for="PUT"
    >
      PUT
    </label>
    <input
      class="routes"
      id="put"
      name="route"
      type="radio"
      value="PUT"
    />
    <label
      for="POST"
    >
      POST
    </label>
    <input
      class="routes"
      id="post"
      name="route"
      type="radio"
      value="POST"
    />
    <label
      for="DELETE"
    >
      DELETE
    </label>
    <input
      class="routes"
      id="delete"
      name="route"
      type="radio"
      value="DELETE"
    />
    <button
      aria-label="submit-request"
    >
      Submit Request
    </button>
  </section>
  <textarea
    aria-label="body"
    name="body"
    placeholder="JSON body"
    type="text"
  />
</form>
`;
